rfdnnn